Component: ARM Compiler 5.06 update 6 (build 750) Tool: armlink [4d35ed]

==============================================================================

Small function inlining results

Inlined total of 0 calls.

==============================================================================

Section Cross References

    system_m051series.o(i.SystemCoreClockUpdate) refers to uidiv.o(.text) for __aeabi_uidivmod
    system_m051series.o(i.SystemCoreClockUpdate) refers to system_m051series.o(.data) for .data
    system_m051series.o(i.SystemCoreClockUpdate) refers to system_m051series.o(.constdata) for .constdata
    startup_m051series.o(RESET) refers to startup_m051series.o(STACK) for __initial_sp
    startup_m051series.o(RESET) refers to startup_m051series.o(.text) for Reset_Handler
    startup_m051series.o(RESET) refers to retarget.o(.emb_text) for HardFault_Handler
    startup_m051series.o(.text) refers to system_m051series.o(i.SystemInit) for SystemInit
    startup_m051series.o(.text) refers to entry.o(.ARM.Collect$$$$00000000) for __main
    main.o(i.SYS_Init) refers to clk.o(i.CLK_EnableXtalRC) for CLK_EnableXtalRC
    main.o(i.SYS_Init) refers to clk.o(i.CLK_WaitClockReady) for CLK_WaitClockReady
    main.o(i.SYS_Init) refers to clk.o(i.CLK_SetHCLK) for CLK_SetHCLK
    main.o(i.SYS_Init) refers to clk.o(i.CLK_SetCoreClock) for CLK_SetCoreClock
    main.o(i.SYS_Init) refers to clk.o(i.CLK_EnableModuleClock) for CLK_EnableModuleClock
    main.o(i.SYS_Init) refers to clk.o(i.CLK_SetModuleClock) for CLK_SetModuleClock
    main.o(i.UART0_Init) refers to sys.o(i.SYS_ResetModule) for SYS_ResetModule
    main.o(i.UART0_Init) refers to uart.o(i.UART_Open) for UART_Open
    main.o(i.main) refers to main.o(i.SYS_Init) for SYS_Init
    main.o(i.main) refers to sys.o(i.SYS_ResetModule) for SYS_ResetModule
    main.o(i.main) refers to uart.o(i.UART_Open) for UART_Open
    main.o(i.main) refers to lcd_init_1.o(i.Lcd_Init) for Lcd_Init
    main.o(i.main) refers to lcd_1.o(i.LCD_Fill) for LCD_Fill
    main.o(i.main) refers to lcd_1.o(i.LCD_ShowChinese) for LCD_ShowChinese
    retarget.o(.emb_text) refers to retarget.o(i.Hard_Fault_Handler) for Hard_Fault_Handler
    retarget.o(i.Hard_Fault_Handler) refers to printf5.o(i.__0printf$5) for __2printf
    uart.o(i.CLK_GetPLLClockFreq) refers to uidiv.o(.text) for __aeabi_uidivmod
    uart.o(i.UART_Open) refers to uart.o(i.CLK_GetPLLClockFreq) for CLK_GetPLLClockFreq
    uart.o(i.UART_Open) refers to uidiv.o(.text) for __aeabi_uidivmod
    uart.o(i.UART_Open) refers to uart.o(.constdata) for .constdata
    uart.o(i.UART_SelectIrDAMode) refers to uart.o(i.CLK_GetPLLClockFreq) for CLK_GetPLLClockFreq
    uart.o(i.UART_SelectIrDAMode) refers to uidiv.o(.text) for __aeabi_uidivmod
    uart.o(i.UART_SelectIrDAMode) refers to uart.o(.constdata) for .constdata
    uart.o(i.UART_SetLine_Config) refers to uart.o(i.CLK_GetPLLClockFreq) for CLK_GetPLLClockFreq
    uart.o(i.UART_SetLine_Config) refers to uidiv.o(.text) for __aeabi_uidivmod
    uart.o(i.UART_SetLine_Config) refers to uart.o(.constdata) for .constdata
    clk.o(i.CLK_EnableCKO) refers to clk.o(i.CLK_SetModuleClock) for CLK_SetModuleClock
    clk.o(i.CLK_EnablePLL) refers to clk.o(i.CLK_WaitClockReady) for CLK_WaitClockReady
    clk.o(i.CLK_EnablePLL) refers to uidiv.o(.text) for __aeabi_uidivmod
    clk.o(i.CLK_GetCPUFreq) refers to system_m051series.o(i.SystemCoreClockUpdate) for SystemCoreClockUpdate
    clk.o(i.CLK_GetCPUFreq) refers to system_m051series.o(.data) for SystemCoreClock
    clk.o(i.CLK_GetHCLKFreq) refers to system_m051series.o(i.SystemCoreClockUpdate) for SystemCoreClockUpdate
    clk.o(i.CLK_GetHCLKFreq) refers to system_m051series.o(.data) for SystemCoreClock
    clk.o(i.CLK_GetPCLKFreq) refers to system_m051series.o(i.SystemCoreClockUpdate) for SystemCoreClockUpdate
    clk.o(i.CLK_GetPCLKFreq) refers to system_m051series.o(.data) for SystemCoreClock
    clk.o(i.CLK_SetCoreClock) refers to clk.o(i.CLK_WaitClockReady) for CLK_WaitClockReady
    clk.o(i.CLK_SetCoreClock) refers to clk.o(i.CLK_EnablePLL) for CLK_EnablePLL
    clk.o(i.CLK_SetCoreClock) refers to clk.o(i.CLK_SetHCLK) for CLK_SetHCLK
    clk.o(i.CLK_SetHCLK) refers to clk.o(i.CLK_WaitClockReady) for CLK_WaitClockReady
    clk.o(i.CLK_SetHCLK) refers to system_m051series.o(i.SystemCoreClockUpdate) for SystemCoreClockUpdate
    lcd_init_1.o(i.LCD_Address_Set) refers to lcd_init_1.o(i.LCD_WR_REG) for LCD_WR_REG
    lcd_init_1.o(i.LCD_Address_Set) refers to lcd_init_1.o(i.LCD_Writ_Bus) for LCD_Writ_Bus
    lcd_init_1.o(i.LCD_WR_DATA) refers to lcd_init_1.o(i.LCD_Writ_Bus) for LCD_Writ_Bus
    lcd_init_1.o(i.LCD_WR_DATA8) refers to lcd_init_1.o(i.LCD_Writ_Bus) for LCD_Writ_Bus
    lcd_init_1.o(i.LCD_WR_REG) refers to lcd_init_1.o(i.LCD_Writ_Bus) for LCD_Writ_Bus
    lcd_init_1.o(i.Lcd_Init) refers to lcd_init_1.o(i.LCD_WR_REG) for LCD_WR_REG
    lcd_init_1.o(i.Lcd_Init) refers to lcd_init_1.o(i.LCD_Writ_Bus) for LCD_Writ_Bus
    lcd_1.o(i.Draw_Circle) refers to lcd_init_1.o(i.LCD_Address_Set) for LCD_Address_Set
    lcd_1.o(i.Draw_Circle) refers to lcd_init_1.o(i.LCD_WR_DATA) for LCD_WR_DATA
    lcd_1.o(i.LCD_DrawLine) refers to lcd_init_1.o(i.LCD_Address_Set) for LCD_Address_Set
    lcd_1.o(i.LCD_DrawLine) refers to lcd_init_1.o(i.LCD_WR_DATA) for LCD_WR_DATA
    lcd_1.o(i.LCD_DrawPoint) refers to lcd_init_1.o(i.LCD_Address_Set) for LCD_Address_Set
    lcd_1.o(i.LCD_DrawPoint) refers to lcd_init_1.o(i.LCD_WR_DATA) for LCD_WR_DATA
    lcd_1.o(i.LCD_DrawRectangle) refers to lcd_1.o(i.LCD_DrawLine) for LCD_DrawLine
    lcd_1.o(i.LCD_Fill) refers to lcd_init_1.o(i.LCD_Address_Set) for LCD_Address_Set
    lcd_1.o(i.LCD_Fill) refers to lcd_init_1.o(i.LCD_WR_DATA) for LCD_WR_DATA
    lcd_1.o(i.LCD_ShowChar) refers to lcd_init_1.o(i.LCD_Address_Set) for LCD_Address_Set
    lcd_1.o(i.LCD_ShowChar) refers to lcd_init_1.o(i.LCD_WR_DATA) for LCD_WR_DATA
    lcd_1.o(i.LCD_ShowChar) refers to uidiv.o(.text) for __aeabi_uidivmod
    lcd_1.o(i.LCD_ShowChar) refers to lcd_1.o(.constdata) for .constdata
    lcd_1.o(i.LCD_ShowChar) refers to lcd_1.o(.data) for .data
    lcd_1.o(i.LCD_ShowChinese) refers to lcd_1.o(i.LCD_ShowChinese32x32) for LCD_ShowChinese32x32
    lcd_1.o(i.LCD_ShowChinese) refers to lcd_1.o(i.LCD_ShowChinese12x12) for LCD_ShowChinese12x12
    lcd_1.o(i.LCD_ShowChinese) refers to lcd_1.o(i.LCD_ShowChinese16x16) for LCD_ShowChinese16x16
    lcd_1.o(i.LCD_ShowChinese) refers to lcd_1.o(i.LCD_ShowChinese24x24) for LCD_ShowChinese24x24
    lcd_1.o(i.LCD_ShowChinese12x12) refers to lcd_init_1.o(i.LCD_Address_Set) for LCD_Address_Set
    lcd_1.o(i.LCD_ShowChinese12x12) refers to lcd_init_1.o(i.LCD_WR_DATA) for LCD_WR_DATA
    lcd_1.o(i.LCD_ShowChinese12x12) refers to uidiv.o(.text) for __aeabi_uidivmod
    lcd_1.o(i.LCD_ShowChinese12x12) refers to lcd_1.o(.constdata) for .constdata
    lcd_1.o(i.LCD_ShowChinese16x16) refers to lcd_init_1.o(i.LCD_Address_Set) for LCD_Address_Set
    lcd_1.o(i.LCD_ShowChinese16x16) refers to lcd_init_1.o(i.LCD_WR_DATA) for LCD_WR_DATA
    lcd_1.o(i.LCD_ShowChinese16x16) refers to uidiv.o(.text) for __aeabi_uidivmod
    lcd_1.o(i.LCD_ShowChinese16x16) refers to lcd_1.o(.constdata) for .constdata
    lcd_1.o(i.LCD_ShowChinese24x24) refers to lcd_init_1.o(i.LCD_Address_Set) for LCD_Address_Set
    lcd_1.o(i.LCD_ShowChinese24x24) refers to lcd_init_1.o(i.LCD_WR_DATA) for LCD_WR_DATA
    lcd_1.o(i.LCD_ShowChinese24x24) refers to uidiv.o(.text) for __aeabi_uidivmod
    lcd_1.o(i.LCD_ShowChinese24x24) refers to lcd_1.o(.constdata) for .constdata
    lcd_1.o(i.LCD_ShowChinese32x32) refers to lcd_init_1.o(i.LCD_Address_Set) for LCD_Address_Set
    lcd_1.o(i.LCD_ShowChinese32x32) refers to lcd_init_1.o(i.LCD_WR_DATA) for LCD_WR_DATA
    lcd_1.o(i.LCD_ShowChinese32x32) refers to uidiv.o(.text) for __aeabi_uidivmod
    lcd_1.o(i.LCD_ShowChinese32x32) refers to lcd_1.o(.constdata) for .constdata
    lcd_1.o(i.LCD_ShowFloatNum1) refers to fmul.o(.text) for __aeabi_fmul
    lcd_1.o(i.LCD_ShowFloatNum1) refers to ffixui.o(.text) for __aeabi_f2uiz
    lcd_1.o(i.LCD_ShowFloatNum1) refers to uidiv.o(.text) for __aeabi_uidivmod
    lcd_1.o(i.LCD_ShowFloatNum1) refers to lcd_1.o(i.LCD_ShowChar) for LCD_ShowChar
    lcd_1.o(i.LCD_ShowIntNum) refers to uidiv.o(.text) for __aeabi_uidivmod
    lcd_1.o(i.LCD_ShowIntNum) refers to lcd_1.o(i.LCD_ShowChar) for LCD_ShowChar
    lcd_1.o(i.LCD_ShowPicture) refers to lcd_init_1.o(i.LCD_Address_Set) for LCD_Address_Set
    lcd_1.o(i.LCD_ShowPicture) refers to lcd_init_1.o(i.LCD_WR_DATA8) for LCD_WR_DATA8
    lcd_1.o(i.LCD_ShowString) refers to lcd_1.o(i.LCD_ShowChar) for LCD_ShowChar
    touch.o(i.ADS_Read_XY) refers to uidiv.o(.text) for __aeabi_uidivmod
    touch.o(i.Convert_Pos) refers to touch.o(i.Read_ADS2) for Read_ADS2
    touch.o(i.Convert_Pos) refers to uidiv.o(.text) for __aeabi_uidivmod
    touch.o(i.Convert_Pos) refers to touch.o(.data) for .data
    touch.o(i.LCD_DrawRoughLine) refers to lcd_1.o(i.LCD_DrawPoint) for LCD_DrawPoint
    touch.o(i.Read_ADS) refers to touch.o(i.ADS_Read_XY) for ADS_Read_XY
    touch.o(i.Read_ADS) refers to touch.o(.data) for .data
    touch.o(i.Read_ADS2) refers to touch.o(i.ADS_Read_XY) for ADS_Read_XY
    touch.o(i.Read_ADS2) refers to touch.o(.data) for .data
    touch.o(i.Read_TP_Once) refers to touch.o(i.Read_ADS2) for Read_ADS2
    touch.o(i.Read_TP_Once) refers to touch.o(.data) for .data
    touch.o(i.TP_Adjust) refers to lcd_1.o(i.LCD_Fill) for LCD_Fill
    touch.o(i.TP_Adjust) refers to lcd_1.o(i.LCD_ShowString) for LCD_ShowString
    touch.o(i.TP_Adjust) refers to touch.o(i.Read_ADS2) for Read_ADS2
    touch.o(i.TP_Adjust) refers to uidiv.o(.text) for __aeabi_uidivmod
    touch.o(i.TP_Adjust) refers to touch.o(i.TP_Drow_Touch_Point) for TP_Drow_Touch_Point
    touch.o(i.TP_Adjust) refers to ffltui.o(.text) for __aeabi_ui2f
    touch.o(i.TP_Adjust) refers to fmul.o(.text) for __aeabi_fmul
    touch.o(i.TP_Adjust) refers to fdiv.o(.text) for __aeabi_fdiv
    touch.o(i.TP_Adjust) refers to fadd.o(.text) for __aeabi_fsub
    touch.o(i.TP_Adjust) refers to ffixui.o(.text) for __aeabi_f2uiz
    touch.o(i.TP_Adjust) refers to cfrcmple.o(.text) for __aeabi_cfrcmple
    touch.o(i.TP_Adjust) refers to cfcmple.o(.text) for __aeabi_cfcmple
    touch.o(i.TP_Adjust) refers to fscalb.o(.text) for __ARM_scalbnf
    touch.o(i.TP_Adjust) refers to lcd_init_1.o(i.delay_ms) for delay_ms
    touch.o(i.TP_Adjust) refers to touch.o(.data) for .data
    touch.o(i.TP_Draw_Big_Point) refers to lcd_1.o(i.LCD_DrawPoint) for LCD_DrawPoint
    touch.o(i.TP_Drow_Touch_Point) refers to lcd_1.o(i.LCD_DrawLine) for LCD_DrawLine
    touch.o(i.TP_Drow_Touch_Point) refers to lcd_1.o(i.LCD_DrawPoint) for LCD_DrawPoint
    touch.o(i.TP_Drow_Touch_Point) refers to lcd_1.o(i.Draw_Circle) for Draw_Circle
    touch.o(i.TP_Init) refers to touch.o(.data) for .data
    entry.o(.ARM.Collect$$$$00000000) refers (Special) to entry10a.o(.ARM.Collect$$$$0000000D) for __rt_final_cpp
    entry.o(.ARM.Collect$$$$00000000) refers (Special) to entry11a.o(.ARM.Collect$$$$0000000F) for __rt_final_exit
    entry.o(.ARM.Collect$$$$00000000) refers (Special) to entry7b.o(.ARM.Collect$$$$00000008) for _main_clock
    entry.o(.ARM.Collect$$$$00000000) refers (Special) to entry8b.o(.ARM.Collect$$$$0000000A) for _main_cpp_init
    entry.o(.ARM.Collect$$$$00000000) refers (Special) to entry9a.o(.ARM.Collect$$$$0000000B) for _main_init
    entry.o(.ARM.Collect$$$$00000000) refers (Special) to entry5.o(.ARM.Collect$$$$00000004) for _main_scatterload
    entry.o(.ARM.Collect$$$$00000000) refers (Special) to entry2.o(.ARM.Collect$$$$00000001) for _main_stk
    printfb.o(i.__0fprintf$bare) refers to printfb.o(i._printf_core) for _printf_core
    printfb.o(i.__0fprintf$bare) refers to retarget.o(i.fputc) for fputc
    printfb.o(i.__0printf$bare) refers to printfb.o(i._printf_core) for _printf_core
    printfb.o(i.__0printf$bare) refers to retarget.o(i.fputc) for fputc
    printfb.o(i.__0printf$bare) refers to retarget.o(.data) for __stdout
    printfb.o(i.__0snprintf$bare) refers to printfb.o(i._printf_core) for _printf_core
    printfb.o(i.__0snprintf$bare) refers to printfb.o(i._snputc) for _snputc
    printfb.o(i.__0sprintf$bare) refers to printfb.o(i._printf_core) for _printf_core
    printfb.o(i.__0sprintf$bare) refers to printfb.o(i._sputc) for _sputc
    printfb.o(i.__0vfprintf$bare) refers to printfb.o(i._printf_core) for _printf_core
    printfb.o(i.__0vfprintf$bare) refers to retarget.o(i.fputc) for fputc
    printfb.o(i.__0vprintf$bare) refers to printfb.o(i._printf_core) for _printf_core
    printfb.o(i.__0vprintf$bare) refers to retarget.o(i.fputc) for fputc
    printfb.o(i.__0vprintf$bare) refers to retarget.o(.data) for __stdout
    printfb.o(i.__0vsnprintf$bare) refers to printfb.o(i._printf_core) for _printf_core
    printfb.o(i.__0vsnprintf$bare) refers to printfb.o(i._snputc) for _snputc
    printfb.o(i.__0vsprintf$bare) refers to printfb.o(i._printf_core) for _printf_core
    printfb.o(i.__0vsprintf$bare) refers to printfb.o(i._sputc) for _sputc
    printf0.o(i.__0fprintf$0) refers to printf0.o(i._printf_core) for _printf_core
    printf0.o(i.__0fprintf$0) refers to retarget.o(i.fputc) for fputc
    printf0.o(i.__0printf$0) refers to printf0.o(i._printf_core) for _printf_core
    printf0.o(i.__0printf$0) refers to retarget.o(i.fputc) for fputc
    printf0.o(i.__0printf$0) refers to retarget.o(.data) for __stdout
    printf0.o(i.__0snprintf$0) refers to printf0.o(i._printf_core) for _printf_core
    printf0.o(i.__0snprintf$0) refers to printf0.o(i._snputc) for _snputc
    printf0.o(i.__0sprintf$0) refers to printf0.o(i._printf_core) for _printf_core
    printf0.o(i.__0sprintf$0) refers to printf0.o(i._sputc) for _sputc
    printf0.o(i.__0vfprintf$0) refers to printf0.o(i._printf_core) for _printf_core
    printf0.o(i.__0vfprintf$0) refers to retarget.o(i.fputc) for fputc
    printf0.o(i.__0vprintf$0) refers to printf0.o(i._printf_core) for _printf_core
    printf0.o(i.__0vprintf$0) refers to retarget.o(i.fputc) for fputc
    printf0.o(i.__0vprintf$0) refers to retarget.o(.data) for __stdout
    printf0.o(i.__0vsnprintf$0) refers to printf0.o(i._printf_core) for _printf_core
    printf0.o(i.__0vsnprintf$0) refers to printf0.o(i._snputc) for _snputc
    printf0.o(i.__0vsprintf$0) refers to printf0.o(i._printf_core) for _printf_core
    printf0.o(i.__0vsprintf$0) refers to printf0.o(i._sputc) for _sputc
    printf1.o(i.__0fprintf$1) refers to printf1.o(i._printf_core) for _printf_core
    printf1.o(i.__0fprintf$1) refers to retarget.o(i.fputc) for fputc
    printf1.o(i.__0printf$1) refers to printf1.o(i._printf_core) for _printf_core
    printf1.o(i.__0printf$1) refers to retarget.o(i.fputc) for fputc
    printf1.o(i.__0printf$1) refers to retarget.o(.data) for __stdout
    printf1.o(i.__0snprintf$1) refers to printf1.o(i._printf_core) for _printf_core
    printf1.o(i.__0snprintf$1) refers to printf1.o(i._snputc) for _snputc
    printf1.o(i.__0sprintf$1) refers to printf1.o(i._printf_core) for _printf_core
    printf1.o(i.__0sprintf$1) refers to printf1.o(i._sputc) for _sputc
    printf1.o(i.__0vfprintf$1) refers to printf1.o(i._printf_core) for _printf_core
    printf1.o(i.__0vfprintf$1) refers to retarget.o(i.fputc) for fputc
    printf1.o(i.__0vprintf$1) refers to printf1.o(i._printf_core) for _printf_core
    printf1.o(i.__0vprintf$1) refers to retarget.o(i.fputc) for fputc
    printf1.o(i.__0vprintf$1) refers to retarget.o(.data) for __stdout
    printf1.o(i.__0vsnprintf$1) refers to printf1.o(i._printf_core) for _printf_core
    printf1.o(i.__0vsnprintf$1) refers to printf1.o(i._snputc) for _snputc
    printf1.o(i.__0vsprintf$1) refers to printf1.o(i._printf_core) for _printf_core
    printf1.o(i.__0vsprintf$1) refers to printf1.o(i._sputc) for _sputc
    printf1.o(i._printf_core) refers to uidiv.o(.text) for __aeabi_uidivmod
    printf2.o(i.__0fprintf$2) refers to printf2.o(i._printf_core) for _printf_core
    printf2.o(i.__0fprintf$2) refers to retarget.o(i.fputc) for fputc
    printf2.o(i.__0printf$2) refers to printf2.o(i._printf_core) for _printf_core
    printf2.o(i.__0printf$2) refers to retarget.o(i.fputc) for fputc
    printf2.o(i.__0printf$2) refers to retarget.o(.data) for __stdout
    printf2.o(i.__0snprintf$2) refers to printf2.o(i._printf_core) for _printf_core
    printf2.o(i.__0snprintf$2) refers to printf2.o(i._snputc) for _snputc
    printf2.o(i.__0sprintf$2) refers to printf2.o(i._printf_core) for _printf_core
    printf2.o(i.__0sprintf$2) refers to printf2.o(i._sputc) for _sputc
    printf2.o(i.__0vfprintf$2) refers to printf2.o(i._printf_core) for _printf_core
    printf2.o(i.__0vfprintf$2) refers to retarget.o(i.fputc) for fputc
    printf2.o(i.__0vprintf$2) refers to printf2.o(i._printf_core) for _printf_core
    printf2.o(i.__0vprintf$2) refers to retarget.o(i.fputc) for fputc
    printf2.o(i.__0vprintf$2) refers to retarget.o(.data) for __stdout
    printf2.o(i.__0vsnprintf$2) refers to printf2.o(i._printf_core) for _printf_core
    printf2.o(i.__0vsnprintf$2) refers to printf2.o(i._snputc) for _snputc
    printf2.o(i.__0vsprintf$2) refers to printf2.o(i._printf_core) for _printf_core
    printf2.o(i.__0vsprintf$2) refers to printf2.o(i._sputc) for _sputc
    printf3.o(i.__0fprintf$3) refers to printf3.o(i._printf_core) for _printf_core
    printf3.o(i.__0fprintf$3) refers to retarget.o(i.fputc) for fputc
    printf3.o(i.__0printf$3) refers to printf3.o(i._printf_core) for _printf_core
    printf3.o(i.__0printf$3) refers to retarget.o(i.fputc) for fputc
    printf3.o(i.__0printf$3) refers to retarget.o(.data) for __stdout
    printf3.o(i.__0snprintf$3) refers to printf3.o(i._printf_core) for _printf_core
    printf3.o(i.__0snprintf$3) refers to printf3.o(i._snputc) for _snputc
    printf3.o(i.__0sprintf$3) refers to printf3.o(i._printf_core) for _printf_core
    printf3.o(i.__0sprintf$3) refers to printf3.o(i._sputc) for _sputc
    printf3.o(i.__0vfprintf$3) refers to printf3.o(i._printf_core) for _printf_core
    printf3.o(i.__0vfprintf$3) refers to retarget.o(i.fputc) for fputc
    printf3.o(i.__0vprintf$3) refers to printf3.o(i._printf_core) for _printf_core
    printf3.o(i.__0vprintf$3) refers to retarget.o(i.fputc) for fputc
    printf3.o(i.__0vprintf$3) refers to retarget.o(.data) for __stdout
    printf3.o(i.__0vsnprintf$3) refers to printf3.o(i._printf_core) for _printf_core
    printf3.o(i.__0vsnprintf$3) refers to printf3.o(i._snputc) for _snputc
    printf3.o(i.__0vsprintf$3) refers to printf3.o(i._printf_core) for _printf_core
    printf3.o(i.__0vsprintf$3) refers to printf3.o(i._sputc) for _sputc
    printf3.o(i._printf_core) refers to uidiv.o(.text) for __aeabi_uidivmod
    printf4.o(i.__0fprintf$4) refers to printf4.o(i._printf_core) for _printf_core
    printf4.o(i.__0fprintf$4) refers to retarget.o(i.fputc) for fputc
    printf4.o(i.__0printf$4) refers to printf4.o(i._printf_core) for _printf_core
    printf4.o(i.__0printf$4) refers to retarget.o(i.fputc) for fputc
    printf4.o(i.__0printf$4) refers to retarget.o(.data) for __stdout
    printf4.o(i.__0snprintf$4) refers to printf4.o(i._printf_core) for _printf_core
    printf4.o(i.__0snprintf$4) refers to printf4.o(i._snputc) for _snputc
    printf4.o(i.__0sprintf$4) refers to printf4.o(i._printf_core) for _printf_core
    printf4.o(i.__0sprintf$4) refers to printf4.o(i._sputc) for _sputc
    printf4.o(i.__0vfprintf$4) refers to printf4.o(i._printf_core) for _printf_core
    printf4.o(i.__0vfprintf$4) refers to retarget.o(i.fputc) for fputc
    printf4.o(i.__0vprintf$4) refers to printf4.o(i._printf_core) for _printf_core
    printf4.o(i.__0vprintf$4) refers to retarget.o(i.fputc) for fputc
    printf4.o(i.__0vprintf$4) refers to retarget.o(.data) for __stdout
    printf4.o(i.__0vsnprintf$4) refers to printf4.o(i._printf_core) for _printf_core
    printf4.o(i.__0vsnprintf$4) refers to printf4.o(i._snputc) for _snputc
    printf4.o(i.__0vsprintf$4) refers to printf4.o(i._printf_core) for _printf_core
    printf4.o(i.__0vsprintf$4) refers to printf4.o(i._sputc) for _sputc
    printf4.o(i._printf_core) refers to uldiv.o(.text) for __aeabi_uldivmod
    printf5.o(i.__0fprintf$5) refers to printf5.o(i._printf_core) for _printf_core
    printf5.o(i.__0fprintf$5) refers to retarget.o(i.fputc) for fputc
    printf5.o(i.__0printf$5) refers to printf5.o(i._printf_core) for _printf_core
    printf5.o(i.__0printf$5) refers to retarget.o(i.fputc) for fputc
    printf5.o(i.__0printf$5) refers to retarget.o(.data) for __stdout
    printf5.o(i.__0snprintf$5) refers to printf5.o(i._printf_core) for _printf_core
    printf5.o(i.__0snprintf$5) refers to printf5.o(i._snputc) for _snputc
    printf5.o(i.__0sprintf$5) refers to printf5.o(i._printf_core) for _printf_core
    printf5.o(i.__0sprintf$5) refers to printf5.o(i._sputc) for _sputc
    printf5.o(i.__0vfprintf$5) refers to printf5.o(i._printf_core) for _printf_core
    printf5.o(i.__0vfprintf$5) refers to retarget.o(i.fputc) for fputc
    printf5.o(i.__0vprintf$5) refers to printf5.o(i._printf_core) for _printf_core
    printf5.o(i.__0vprintf$5) refers to retarget.o(i.fputc) for fputc
    printf5.o(i.__0vprintf$5) refers to retarget.o(.data) for __stdout
    printf5.o(i.__0vsnprintf$5) refers to printf5.o(i._printf_core) for _printf_core
    printf5.o(i.__0vsnprintf$5) refers to printf5.o(i._snputc) for _snputc
    printf5.o(i.__0vsprintf$5) refers to printf5.o(i._printf_core) for _printf_core
    printf5.o(i.__0vsprintf$5) refers to printf5.o(i._sputc) for _sputc
    printf5.o(i._printf_core) refers to uldiv.o(.text) for __aeabi_uldivmod
    printf6.o(i.__0fprintf$6) refers to printf6.o(i._printf_core) for _printf_core
    printf6.o(i.__0fprintf$6) refers to retarget.o(i.fputc) for fputc
    printf6.o(i.__0printf$6) refers to printf6.o(i._printf_core) for _printf_core
    printf6.o(i.__0printf$6) refers to retarget.o(i.fputc) for fputc
    printf6.o(i.__0printf$6) refers to retarget.o(.data) for __stdout
    printf6.o(i.__0snprintf$6) refers to printf6.o(i._printf_core) for _printf_core
    printf6.o(i.__0snprintf$6) refers to printf6.o(i._snputc) for _snputc
    printf6.o(i.__0sprintf$6) refers to printf6.o(i._printf_core) for _printf_core
    printf6.o(i.__0sprintf$6) refers to printf6.o(i._sputc) for _sputc
    printf6.o(i.__0vfprintf$6) refers to printf6.o(i._printf_core) for _printf_core
    printf6.o(i.__0vfprintf$6) refers to retarget.o(i.fputc) for fputc
    printf6.o(i.__0vprintf$6) refers to printf6.o(i._printf_core) for _printf_core
    printf6.o(i.__0vprintf$6) refers to retarget.o(i.fputc) for fputc
    printf6.o(i.__0vprintf$6) refers to retarget.o(.data) for __stdout
    printf6.o(i.__0vsnprintf$6) refers to printf6.o(i._printf_core) for _printf_core
    printf6.o(i.__0vsnprintf$6) refers to printf6.o(i._snputc) for _snputc
    printf6.o(i.__0vsprintf$6) refers to printf6.o(i._printf_core) for _printf_core
    printf6.o(i.__0vsprintf$6) refers to printf6.o(i._sputc) for _sputc
    printf6.o(i._printf_core) refers to printf6.o(i._printf_pre_padding) for _printf_pre_padding
    printf6.o(i._printf_core) refers to printf6.o(i._printf_post_padding) for _printf_post_padding
    printf6.o(i._printf_core) refers to uidiv.o(.text) for __aeabi_uidivmod
    printf7.o(i.__0fprintf$7) refers to printf7.o(i._printf_core) for _printf_core
    printf7.o(i.__0fprintf$7) refers to retarget.o(i.fputc) for fputc
    printf7.o(i.__0printf$7) refers to printf7.o(i._printf_core) for _printf_core
    printf7.o(i.__0printf$7) refers to retarget.o(i.fputc) for fputc
    printf7.o(i.__0printf$7) refers to retarget.o(.data) for __stdout
    printf7.o(i.__0snprintf$7) refers to printf7.o(i._printf_core) for _printf_core
    printf7.o(i.__0snprintf$7) refers to printf7.o(i._snputc) for _snputc
    printf7.o(i.__0sprintf$7) refers to printf7.o(i._printf_core) for _printf_core
    printf7.o(i.__0sprintf$7) refers to printf7.o(i._sputc) for _sputc
    printf7.o(i.__0vfprintf$7) refers to printf7.o(i._printf_core) for _printf_core
    printf7.o(i.__0vfprintf$7) refers to retarget.o(i.fputc) for fputc
    printf7.o(i.__0vprintf$7) refers to printf7.o(i._printf_core) for _printf_core
    printf7.o(i.__0vprintf$7) refers to retarget.o(i.fputc) for fputc
    printf7.o(i.__0vprintf$7) refers to retarget.o(.data) for __stdout
    printf7.o(i.__0vsnprintf$7) refers to printf7.o(i._printf_core) for _printf_core
    printf7.o(i.__0vsnprintf$7) refers to printf7.o(i._snputc) for _snputc
    printf7.o(i.__0vsprintf$7) refers to printf7.o(i._printf_core) for _printf_core
    printf7.o(i.__0vsprintf$7) refers to printf7.o(i._sputc) for _sputc
    printf7.o(i._printf_core) refers to printf7.o(i._printf_pre_padding) for _printf_pre_padding
    printf7.o(i._printf_core) refers to printf7.o(i._printf_post_padding) for _printf_post_padding
    printf7.o(i._printf_core) refers to uldiv.o(.text) for __aeabi_uldivmod
    printf8.o(i.__0fprintf$8) refers to printf8.o(i._printf_core) for _printf_core
    printf8.o(i.__0fprintf$8) refers to retarget.o(i.fputc) for fputc
    printf8.o(i.__0printf$8) refers to printf8.o(i._printf_core) for _printf_core
    printf8.o(i.__0printf$8) refers to retarget.o(i.fputc) for fputc
    printf8.o(i.__0printf$8) refers to retarget.o(.data) for __stdout
    printf8.o(i.__0snprintf$8) refers to printf8.o(i._printf_core) for _printf_core
    printf8.o(i.__0snprintf$8) refers to printf8.o(i._snputc) for _snputc
    printf8.o(i.__0sprintf$8) refers to printf8.o(i._printf_core) for _printf_core
    printf8.o(i.__0sprintf$8) refers to printf8.o(i._sputc) for _sputc
    printf8.o(i.__0vfprintf$8) refers to printf8.o(i._printf_core) for _printf_core
    printf8.o(i.__0vfprintf$8) refers to retarget.o(i.fputc) for fputc
    printf8.o(i.__0vprintf$8) refers to printf8.o(i._printf_core) for _printf_core
    printf8.o(i.__0vprintf$8) refers to retarget.o(i.fputc) for fputc
    printf8.o(i.__0vprintf$8) refers to retarget.o(.data) for __stdout
    printf8.o(i.__0vsnprintf$8) refers to printf8.o(i._printf_core) for _printf_core
    printf8.o(i.__0vsnprintf$8) refers to printf8.o(i._snputc) for _snputc
    printf8.o(i.__0vsprintf$8) refers to printf8.o(i._printf_core) for _printf_core
    printf8.o(i.__0vsprintf$8) refers to printf8.o(i._sputc) for _sputc
    printf8.o(i._printf_core) refers to printf8.o(i._printf_pre_padding) for _printf_pre_padding
    printf8.o(i._printf_core) refers to printf8.o(i._printf_post_padding) for _printf_post_padding
    printf8.o(i._printf_core) refers to uldiv.o(.text) for __aeabi_uldivmod
    printfa.o(i.__0fprintf) refers (Special) to iusefp.o(.text) for __I$use$fp
    printfa.o(i.__0fprintf) refers to printfa.o(i._printf_core) for _printf_core
    printfa.o(i.__0fprintf) refers to retarget.o(i.fputc) for fputc
    printfa.o(i.__0printf) refers (Special) to iusefp.o(.text) for __I$use$fp
    printfa.o(i.__0printf) refers to printfa.o(i._printf_core) for _printf_core
    printfa.o(i.__0printf) refers to retarget.o(i.fputc) for fputc
    printfa.o(i.__0printf) refers to retarget.o(.data) for __stdout
    printfa.o(i.__0snprintf) refers (Special) to iusefp.o(.text) for __I$use$fp
    printfa.o(i.__0snprintf) refers to printfa.o(i._printf_core) for _printf_core
    printfa.o(i.__0snprintf) refers to printfa.o(i._snputc) for _snputc
    printfa.o(i.__0sprintf) refers (Special) to iusefp.o(.text) for __I$use$fp
    printfa.o(i.__0sprintf) refers to printfa.o(i._printf_core) for _printf_core
    printfa.o(i.__0sprintf) refers to printfa.o(i._sputc) for _sputc
    printfa.o(i.__0vfprintf) refers (Special) to iusefp.o(.text) for __I$use$fp
    printfa.o(i.__0vfprintf) refers to printfa.o(i._printf_core) for _printf_core
    printfa.o(i.__0vfprintf) refers to retarget.o(i.fputc) for fputc
    printfa.o(i.__0vprintf) refers (Special) to iusefp.o(.text) for __I$use$fp
    printfa.o(i.__0vprintf) refers to printfa.o(i._printf_core) for _printf_core
    printfa.o(i.__0vprintf) refers to retarget.o(i.fputc) for fputc
    printfa.o(i.__0vprintf) refers to retarget.o(.data) for __stdout
    printfa.o(i.__0vsnprintf) refers (Special) to iusefp.o(.text) for __I$use$fp
    printfa.o(i.__0vsnprintf) refers to printfa.o(i._printf_core) for _printf_core
    printfa.o(i.__0vsnprintf) refers to printfa.o(i._snputc) for _snputc
    printfa.o(i.__0vsprintf) refers (Special) to iusefp.o(.text) for __I$use$fp
    printfa.o(i.__0vsprintf) refers to printfa.o(i._printf_core) for _printf_core
    printfa.o(i.__0vsprintf) refers to printfa.o(i._sputc) for _sputc
    printfa.o(i._fp_digits) refers (Special) to iusefp.o(.text) for __I$use$fp
    printfa.o(i._fp_digits) refers to dmul.o(.text) for __aeabi_dmul
    printfa.o(i._fp_digits) refers to ddiv.o(.text) for __aeabi_ddiv
    printfa.o(i._fp_digits) refers to cdrcmple.o(.text) for __aeabi_cdrcmple
    printfa.o(i._fp_digits) refers to dadd.o(.text) for __aeabi_dadd
    printfa.o(i._fp_digits) refers to dfixul.o(.text) for __aeabi_d2ulz
    printfa.o(i._fp_digits) refers to uldiv.o(.text) for __aeabi_uldivmod
    printfa.o(i._printf_core) refers (Special) to iusefp.o(.text) for __I$use$fp
    printfa.o(i._printf_core) refers to printfa.o(i._printf_pre_padding) for _printf_pre_padding
    printfa.o(i._printf_core) refers to uldiv.o(.text) for __aeabi_uldivmod
    printfa.o(i._printf_core) refers to printfa.o(i._printf_post_padding) for _printf_post_padding
    printfa.o(i._printf_core) refers to printfa.o(i._fp_digits) for _fp_digits
    printfa.o(i._printf_core) refers to uidiv.o(.text) for __aeabi_uidivmod
    printfa.o(i._printf_post_padding) refers (Special) to iusefp.o(.text) for __I$use$fp
    printfa.o(i._printf_pre_padding) refers (Special) to iusefp.o(.text) for __I$use$fp
    printfa.o(i._snputc) refers (Special) to iusefp.o(.text) for __I$use$fp
    printfa.o(i._sputc) refers (Special) to iusefp.o(.text) for __I$use$fp
    fadd.o(.text) refers (Special) to iusefp.o(.text) for __I$use$fp
    fadd.o(.text) refers to fepilogue.o(.text) for _float_epilogue
    fmul.o(.text) refers (Special) to iusefp.o(.text) for __I$use$fp
    fdiv.o(.text) refers (Special) to iusefp.o(.text) for __I$use$fp
    fdiv.o(.text) refers to fepilogue.o(.text) for _float_round
    fscalb.o(.text) refers (Special) to iusefp.o(.text) for __I$use$fp
    ffltui.o(.text) refers (Special) to iusefp.o(.text) for __I$use$fp
    ffltui.o(.text) refers to fepilogue.o(.text) for _float_epilogue
    ffixui.o(.text) refers (Special) to iusefp.o(.text) for __I$use$fp
    cfcmple.o(.text) refers (Special) to iusefp.o(.text) for __I$use$fp
    cfrcmple.o(.text) refers (Special) to iusefp.o(.text) for __I$use$fp
    entry2.o(.ARM.Collect$$$$00000001) refers to entry2.o(.ARM.Collect$$$$00002712) for __lit__00000000
    entry2.o(.ARM.Collect$$$$00002712) refers to startup_m051series.o(STACK) for __initial_sp
    entry2.o(__vectab_stack_and_reset_area) refers to startup_m051series.o(STACK) for __initial_sp
    entry2.o(__vectab_stack_and_reset_area) refers to entry.o(.ARM.Collect$$$$00000000) for __main
    entry5.o(.ARM.Collect$$$$00000004) refers to init.o(.text) for __scatterload
    entry9a.o(.ARM.Collect$$$$0000000B) refers to main.o(i.main) for main
    entry9b.o(.ARM.Collect$$$$0000000C) refers to main.o(i.main) for main
    uldiv.o(.text) refers to llushr.o(.text) for __aeabi_llsr
    uldiv.o(.text) refers to llshl.o(.text) for __aeabi_llsl
    dadd.o(.text) refers to llshl.o(.text) for __aeabi_llsl
    dadd.o(.text) refers to llsshr.o(.text) for __aeabi_lasr
    dadd.o(.text) refers to depilogue.o(.text) for _double_epilogue
    dmul.o(.text) refers to depilogue.o(.text) for _double_epilogue
    ddiv.o(.text) refers to depilogue.o(.text) for _double_round
    dfixul.o(.text) refers to llushr.o(.text) for __aeabi_llsr
    dfixul.o(.text) refers to llshl.o(.text) for __aeabi_llsl
    init.o(.text) refers to entry5.o(.ARM.Collect$$$$00000004) for __main_after_scatterload
    depilogue.o(.text) refers to depilogue.o(i.__ARM_clz) for __ARM_clz
    depilogue.o(.text) refers to llshl.o(.text) for __aeabi_llsl
    depilogue.o(.text) refers to llushr.o(.text) for __aeabi_llsr


==============================================================================

Removing Unused input sections from the image.

    Removing system_m051series.o(.rev16_text), (4 bytes).
    Removing system_m051series.o(.revsh_text), (4 bytes).
    Removing startup_m051series.o(HEAP), (0 bytes).
    Removing main.o(.rev16_text), (4 bytes).
    Removing main.o(.revsh_text), (4 bytes).
    Removing main.o(i.UART0_Init), (28 bytes).
    Removing main.o(.data), (3200 bytes).
    Removing retarget.o(.rev16_text), (4 bytes).
    Removing retarget.o(.revsh_text), (4 bytes).
    Removing retarget.o(i.GetChar), (20 bytes).
    Removing retarget.o(i.IsDebugFifoEmpty), (16 bytes).
    Removing retarget.o(i.SendChar), (32 bytes).
    Removing retarget.o(i.SendChar_ToUART), (32 bytes).
    Removing retarget.o(i._ttywrch), (32 bytes).
    Removing retarget.o(i.ferror), (6 bytes).
    Removing retarget.o(i.fgetc), (20 bytes).
    Removing retarget.o(i.kbhit), (16 bytes).
    Removing retarget.o(.data), (4 bytes).
    Removing gpio.o(.rev16_text), (4 bytes).
    Removing gpio.o(.revsh_text), (4 bytes).
    Removing gpio.o(i.GPIO_DisableInt), (28 bytes).
    Removing gpio.o(i.GPIO_EnableInt), (28 bytes).
    Removing gpio.o(i.GPIO_SetMode), (42 bytes).
    Removing uart.o(.rev16_text), (4 bytes).
    Removing uart.o(.revsh_text), (4 bytes).
    Removing uart.o(i.UART_ClearIntFlag), (48 bytes).
    Removing uart.o(i.UART_Close), (6 bytes).
    Removing uart.o(i.UART_DisableFlowCtrl), (12 bytes).
    Removing uart.o(i.UART_DisableInt), (36 bytes).
    Removing uart.o(i.UART_EnableFlowCtrl), (30 bytes).
    Removing uart.o(i.UART_EnableInt), (36 bytes).
    Removing uart.o(i.UART_Read), (54 bytes).
    Removing uart.o(i.UART_SelectIrDAMode), (140 bytes).
    Removing uart.o(i.UART_SelectLINMode), (26 bytes).
    Removing uart.o(i.UART_SelectRS485Mode), (32 bytes).
    Removing uart.o(i.UART_SetLine_Config), (128 bytes).
    Removing uart.o(i.UART_SetTimeoutCnt), (22 bytes).
    Removing uart.o(i.UART_Write), (54 bytes).
    Removing clk.o(.rev16_text), (4 bytes).
    Removing clk.o(.revsh_text), (4 bytes).
    Removing clk.o(i.CLK_DisableCKO), (16 bytes).
    Removing clk.o(i.CLK_DisableModuleClock), (28 bytes).
    Removing clk.o(i.CLK_DisablePLL), (16 bytes).
    Removing clk.o(i.CLK_DisableSysTick), (12 bytes).
    Removing clk.o(i.CLK_DisableXtalRC), (16 bytes).
    Removing clk.o(i.CLK_EnableCKO), (48 bytes).
    Removing clk.o(i.CLK_EnableSysTick), (60 bytes).
    Removing clk.o(i.CLK_GetCPUFreq), (16 bytes).
    Removing clk.o(i.CLK_GetHCLKFreq), (16 bytes).
    Removing clk.o(i.CLK_GetHXTFreq), (20 bytes).
    Removing clk.o(i.CLK_GetPCLKFreq), (16 bytes).
    Removing clk.o(i.CLK_Idle), (32 bytes).
    Removing clk.o(i.CLK_PowerDown), (36 bytes).
    Removing clk.o(i.CLK_SetSysTickClockSrc), (20 bytes).
    Removing sys.o(.rev16_text), (4 bytes).
    Removing sys.o(.revsh_text), (4 bytes).
    Removing sys.o(i.SYS_ClearResetSrc), (12 bytes).
    Removing sys.o(i.SYS_DisableBOD), (14 bytes).
    Removing sys.o(i.SYS_EnableBOD), (38 bytes).
    Removing sys.o(i.SYS_GetBODStatus), (12 bytes).
    Removing sys.o(i.SYS_GetResetSrc), (8 bytes).
    Removing sys.o(i.SYS_IsRegLocked), (16 bytes).
    Removing sys.o(i.SYS_ReadPDID), (8 bytes).
    Removing sys.o(i.SYS_ResetCPU), (14 bytes).
    Removing sys.o(i.SYS_ResetChip), (14 bytes).
    Removing lcd_init_1.o(.rev16_text), (4 bytes).
    Removing lcd_init_1.o(.revsh_text), (4 bytes).
    Removing lcd_init_1.o(i.LCD_WR_DATA8), (8 bytes).
    Removing lcd_init_1.o(i.delay_ms), (20 bytes).
    Removing lcd_1.o(i.Draw_Circle), (214 bytes).
    Removing lcd_1.o(i.LCD_DrawLine), (160 bytes).
    Removing lcd_1.o(i.LCD_DrawPoint), (20 bytes).
    Removing lcd_1.o(i.LCD_DrawRectangle), (68 bytes).
    Removing lcd_1.o(i.LCD_ShowChar), (280 bytes).
    Removing lcd_1.o(i.LCD_ShowFloatNum1), (164 bytes).
    Removing lcd_1.o(i.LCD_ShowIntNum), (158 bytes).
    Removing lcd_1.o(i.LCD_ShowPicture), (84 bytes).
    Removing lcd_1.o(i.LCD_ShowString), (54 bytes).
    Removing lcd_1.o(i.mypow), (26 bytes).
    Removing lcd_1.o(.data), (7600 bytes).
    Removing touch.o(.rev16_text), (4 bytes).
    Removing touch.o(.revsh_text), (4 bytes).
    Removing touch.o(i.ADS_Read_AD), (72 bytes).
    Removing touch.o(i.ADS_Read_XY), (144 bytes).
    Removing touch.o(i.Convert_Pos), (120 bytes).
    Removing touch.o(i.LCD_DrawRoughLine), (196 bytes).
    Removing touch.o(i.ReadFromCharFrom7843), (56 bytes).
    Removing touch.o(i.Read_ADS), (48 bytes).
    Removing touch.o(i.Read_ADS2), (168 bytes).
    Removing touch.o(i.Read_TP_Once), (68 bytes).
    Removing touch.o(i.TP_Adjust), (1228 bytes).
    Removing touch.o(i.TP_Draw_Big_Point), (44 bytes).
    Removing touch.o(i.TP_Drow_Touch_Point), (94 bytes).
    Removing touch.o(i.TP_Init), (36 bytes).
    Removing touch.o(i.WriteCharTo7843), (20 bytes).
    Removing touch.o(i.tpstate), (12 bytes).
    Removing touch.o(.data), (36 bytes).
    Removing fadd.o(.text), (178 bytes).
    Removing fmul.o(.text), (122 bytes).
    Removing fdiv.o(.text), (124 bytes).
    Removing fscalb.o(.text), (24 bytes).
    Removing ffltui.o(.text), (14 bytes).
    Removing ffixui.o(.text), (40 bytes).
    Removing cfcmple.o(.text), (20 bytes).
    Removing cfrcmple.o(.text), (20 bytes).
    Removing fepilogue.o(.text), (130 bytes).
    Removing dadd.o(.text), (356 bytes).
    Removing dmul.o(.text), (208 bytes).
    Removing ddiv.o(.text), (240 bytes).
    Removing dfixul.o(.text), (64 bytes).
    Removing cdrcmple.o(.text), (40 bytes).
    Removing depilogue.o(.text), (190 bytes).
    Removing depilogue.o(i.__ARM_clz), (46 bytes).

113 unused section(s) (total 17702 bytes) removed from the image.

==============================================================================

Image Symbol Table

    Local Symbols

    Symbol Name                              Value     Ov Type        Size  Object(Section)

    RESET                                    0x00000000   Section      192  startup_m051series.o(RESET)
    ../clib/microlib/division.c              0x00000000   Number         0  uldiv.o ABSOLUTE
    ../clib/microlib/division.c              0x00000000   Number         0  uidiv.o ABSOLUTE
    ../clib/microlib/init/entry.s            0x00000000   Number         0  entry2.o ABSOLUTE
    ../clib/microlib/init/entry.s            0x00000000   Number         0  entry.o ABSOLUTE
    ../clib/microlib/init/entry.s            0x00000000   Number         0  entry11b.o ABSOLUTE
    ../clib/microlib/init/entry.s            0x00000000   Number         0  entry11a.o ABSOLUTE
    ../clib/microlib/init/entry.s            0x00000000   Number         0  entry10b.o ABSOLUTE
    ../clib/microlib/init/entry.s            0x00000000   Number         0  entry10a.o ABSOLUTE
    ../clib/microlib/init/entry.s            0x00000000   Number         0  entry9b.o ABSOLUTE
    ../clib/microlib/init/entry.s            0x00000000   Number         0  entry9a.o ABSOLUTE
    ../clib/microlib/init/entry.s            0x00000000   Number         0  entry8b.o ABSOLUTE
    ../clib/microlib/init/entry.s            0x00000000   Number         0  entry8a.o ABSOLUTE
    ../clib/microlib/init/entry.s            0x00000000   Number         0  entry7b.o ABSOLUTE
    ../clib/microlib/init/entry.s            0x00000000   Number         0  entry7a.o ABSOLUTE
    ../clib/microlib/init/entry.s            0x00000000   Number         0  entry5.o ABSOLUTE
    ../clib/microlib/longlong.c              0x00000000   Number         0  llushr.o ABSOLUTE
    ../clib/microlib/longlong.c              0x00000000   Number         0  llshl.o ABSOLUTE
    ../clib/microlib/longlong.c              0x00000000   Number         0  llsshr.o ABSOLUTE
    ../clib/microlib/printf/printf.c         0x00000000   Number         0  printfa.o ABSOLUTE
    ../clib/microlib/printf/printf.c         0x00000000   Number         0  printf8.o ABSOLUTE
    ../clib/microlib/printf/printf.c         0x00000000   Number         0  printf7.o ABSOLUTE
    ../clib/microlib/printf/printf.c         0x00000000   Number         0  printf6.o ABSOLUTE
    ../clib/microlib/printf/printf.c         0x00000000   Number         0  printf5.o ABSOLUTE
    ../clib/microlib/printf/printf.c         0x00000000   Number         0  printf4.o ABSOLUTE
    ../clib/microlib/printf/printf.c         0x00000000   Number         0  printf3.o ABSOLUTE
    ../clib/microlib/printf/printf.c         0x00000000   Number         0  printf2.o ABSOLUTE
    ../clib/microlib/printf/printf.c         0x00000000   Number         0  printf0.o ABSOLUTE
    ../clib/microlib/printf/printf.c         0x00000000   Number         0  printf1.o ABSOLUTE
    ../clib/microlib/printf/printf.c         0x00000000   Number         0  printfb.o ABSOLUTE
    ../clib/microlib/printf/stubs.s          0x00000000   Number         0  stubs.o ABSOLUTE
    ../clib/microlib/stubs.s                 0x00000000   Number         0  iusefp.o ABSOLUTE
    ../fplib/microlib/fpadd.c                0x00000000   Number         0  dadd.o ABSOLUTE
    ../fplib/microlib/fpadd.c                0x00000000   Number         0  fadd.o ABSOLUTE
    ../fplib/microlib/fpdiv.c                0x00000000   Number         0  fdiv.o ABSOLUTE
    ../fplib/microlib/fpdiv.c                0x00000000   Number         0  ddiv.o ABSOLUTE
    ../fplib/microlib/fpepilogue.c           0x00000000   Number         0  fepilogue.o ABSOLUTE
    ../fplib/microlib/fpepilogue.c           0x00000000   Number         0  depilogue.o ABSOLUTE
    ../fplib/microlib/fpfix.c                0x00000000   Number         0  ffixui.o ABSOLUTE
    ../fplib/microlib/fpfix.c                0x00000000   Number         0  dfixul.o ABSOLUTE
    ../fplib/microlib/fpflt.c                0x00000000   Number         0  ffltui.o ABSOLUTE
    ../fplib/microlib/fpmul.c                0x00000000   Number         0  dmul.o ABSOLUTE
    ../fplib/microlib/fpmul.c                0x00000000   Number         0  fmul.o ABSOLUTE
    ../fplib/microlib/fpscalb.c              0x00000000   Number         0  fscalb.o ABSOLUTE
    ..\..\..\..\Library\Device\Nuvoton\M051Series\Source\ARM\startup_M051Series.s 0x00000000   Number         0  startup_m051series.o ABSOLUTE
    ..\..\..\..\Library\Device\Nuvoton\M051Series\Source\system_M051Series.c 0x00000000   Number         0  system_m051series.o ABSOLUTE
    ..\..\..\..\Library\StdDriver\src\clk.c  0x00000000   Number         0  clk.o ABSOLUTE
    ..\..\..\..\Library\StdDriver\src\gpio.c 0x00000000   Number         0  gpio.o ABSOLUTE
    ..\..\..\..\Library\StdDriver\src\retarget.c 0x00000000   Number         0  retarget.o ABSOLUTE
    ..\..\..\..\Library\StdDriver\src\sys.c  0x00000000   Number         0  sys.o ABSOLUTE
    ..\..\..\..\Library\StdDriver\src\uart.c 0x00000000   Number         0  uart.o ABSOLUTE
    ..\\..\\..\\..\\Library\\Device\\Nuvoton\\M051Series\\Source\\system_M051Series.c 0x00000000   Number         0  system_m051series.o ABSOLUTE
    ..\\..\\..\\..\\Library\\StdDriver\\src\\clk.c 0x00000000   Number         0  clk.o ABSOLUTE
    ..\\..\\..\\..\\Library\\StdDriver\\src\\gpio.c 0x00000000   Number         0  gpio.o ABSOLUTE
    ..\\..\\..\\..\\Library\\StdDriver\\src\\retarget.c 0x00000000   Number         0  retarget.o ABSOLUTE
    ..\\..\\..\\..\\Library\\StdDriver\\src\\sys.c 0x00000000   Number         0  sys.o ABSOLUTE
    ..\\..\\..\\..\\Library\\StdDriver\\src\\uart.c 0x00000000   Number         0  uart.o ABSOLUTE
    ..\\main.c                               0x00000000   Number         0  main.o ABSOLUTE
    ..\main.c                                0x00000000   Number         0  main.o ABSOLUTE
    SRC\LCD\lcd.c                            0x00000000   Number         0  lcd_1.o ABSOLUTE
    SRC\LCD\lcd_init.c                       0x00000000   Number         0  lcd_init_1.o ABSOLUTE
    SRC\TOUCH\touch.c                        0x00000000   Number         0  touch.o ABSOLUTE
    SRC\\LCD\\lcd_init.c                     0x00000000   Number         0  lcd_init_1.o ABSOLUTE
    SRC\\TOUCH\\touch.c                      0x00000000   Number         0  touch.o ABSOLUTE
    cdrcmple.s                               0x00000000   Number         0  cdrcmple.o ABSOLUTE
    cfcmple.s                                0x00000000   Number         0  cfcmple.o ABSOLUTE
    cfrcmple.s                               0x00000000   Number         0  cfrcmple.o ABSOLUTE
    handlers.s                               0x00000000   Number         0  handlers.o ABSOLUTE
    init.s                                   0x00000000   Number         0  init.o ABSOLUTE
    .ARM.Collect$$$$00000000                 0x000000c0   Section        0  entry.o(.ARM.Collect$$$$00000000)
    .ARM.Collect$$$$00000001                 0x000000c0   Section        4  entry2.o(.ARM.Collect$$$$00000001)
    .ARM.Collect$$$$00000004                 0x000000c4   Section        4  entry5.o(.ARM.Collect$$$$00000004)
    .ARM.Collect$$$$00000008                 0x000000c8   Section        0  entry7b.o(.ARM.Collect$$$$00000008)
    .ARM.Collect$$$$0000000A                 0x000000c8   Section        0  entry8b.o(.ARM.Collect$$$$0000000A)
    .ARM.Collect$$$$0000000B                 0x000000c8   Section        8  entry9a.o(.ARM.Collect$$$$0000000B)
    .ARM.Collect$$$$0000000D                 0x000000d0   Section        0  entry10a.o(.ARM.Collect$$$$0000000D)
    .ARM.Collect$$$$0000000F                 0x000000d0   Section        0  entry11a.o(.ARM.Collect$$$$0000000F)
    .ARM.Collect$$$$00002712                 0x000000d0   Section        4  entry2.o(.ARM.Collect$$$$00002712)
    __lit__00000000                          0x000000d0   Data           4  entry2.o(.ARM.Collect$$$$00002712)
    .emb_text                                0x000000d4   Section       28  retarget.o(.emb_text)
    .text                                    0x000000f0   Section       76  startup_m051series.o(.text)
    Default_Handler                          0x0000011b   Thumb Code     2  startup_m051series.o(.text)
    .text                                    0x0000013c   Section        0  uidiv.o(.text)
    .text                                    0x00000168   Section        0  uldiv.o(.text)
    .text                                    0x000001c8   Section       36  init.o(.text)
    .text                                    0x000001ec   Section        0  llshl.o(.text)
    .text                                    0x0000020c   Section        0  llushr.o(.text)
    i.CLK_EnableModuleClock                  0x00000230   Section        0  clk.o(i.CLK_EnableModuleClock)
    i.CLK_EnablePLL                          0x0000024c   Section        0  clk.o(i.CLK_EnablePLL)
    i.CLK_EnableXtalRC                       0x000003f4   Section        0  clk.o(i.CLK_EnableXtalRC)
    i.CLK_GetPLLClockFreq                    0x00000404   Section        0  uart.o(i.CLK_GetPLLClockFreq)
    CLK_GetPLLClockFreq                      0x00000405   Thumb Code    70  uart.o(i.CLK_GetPLLClockFreq)
    i.CLK_SetCoreClock                       0x0000045c   Section        0  clk.o(i.CLK_SetCoreClock)
    i.CLK_SetHCLK                            0x000004d4   Section        0  clk.o(i.CLK_SetHCLK)
    i.CLK_SetModuleClock                     0x00000524   Section        0  clk.o(i.CLK_SetModuleClock)
    i.CLK_WaitClockReady                     0x00000578   Section        0  clk.o(i.CLK_WaitClockReady)
    i.Hard_Fault_Handler                     0x000005ac   Section        0  retarget.o(i.Hard_Fault_Handler)
    __tagsym$$used                           0x000005ad   Number         0  retarget.o(i.Hard_Fault_Handler)
    i.LCD_Address_Set                        0x00000670   Section        0  lcd_init_1.o(i.LCD_Address_Set)
    i.LCD_Fill                               0x000006c6   Section        0  lcd_1.o(i.LCD_Fill)
    i.LCD_ShowChinese                        0x000006fa   Section        0  lcd_1.o(i.LCD_ShowChinese)
    i.LCD_ShowChinese12x12                   0x0000077c   Section        0  lcd_1.o(i.LCD_ShowChinese12x12)
    i.LCD_ShowChinese16x16                   0x00000870   Section        0  lcd_1.o(i.LCD_ShowChinese16x16)
    i.LCD_ShowChinese24x24                   0x00000964   Section        0  lcd_1.o(i.LCD_ShowChinese24x24)
    i.LCD_ShowChinese32x32                   0x00000a58   Section        0  lcd_1.o(i.LCD_ShowChinese32x32)
    i.LCD_WR_DATA                            0x00000b4c   Section        0  lcd_init_1.o(i.LCD_WR_DATA)
    i.LCD_WR_REG                             0x00000b60   Section        0  lcd_init_1.o(i.LCD_WR_REG)
    i.LCD_Writ_Bus                           0x00000b78   Section        0  lcd_init_1.o(i.LCD_Writ_Bus)
    i.Lcd_Init                               0x00000ba8   Section        0  lcd_init_1.o(i.Lcd_Init)
    i.SYS_Init                               0x00000de0   Section        0  main.o(i.SYS_Init)
    i.SYS_ResetModule                        0x00000e40   Section        0  sys.o(i.SYS_ResetModule)
    i.SystemCoreClockUpdate                  0x00000e5c   Section        0  system_m051series.o(i.SystemCoreClockUpdate)
    i.SystemInit                             0x00000eec   Section        0  system_m051series.o(i.SystemInit)
    i.UART_Open                              0x00000ef0   Section        0  uart.o(i.UART_Open)
    i.__0printf$5                            0x00000f78   Section        0  printf5.o(i.__0printf$5)
    i.__scatterload_copy                     0x00000f98   Section       14  handlers.o(i.__scatterload_copy)
    i.__scatterload_null                     0x00000fa6   Section        2  handlers.o(i.__scatterload_null)
    i.__scatterload_zeroinit                 0x00000fa8   Section       14  handlers.o(i.__scatterload_zeroinit)
    i._printf_core                           0x00000fb8   Section        0  printf5.o(i._printf_core)
    _printf_core                             0x00000fb9   Thumb Code   688  printf5.o(i._printf_core)
    i.fputc                                  0x00001294   Section        0  retarget.o(i.fputc)
    i.main                                   0x000012b4   Section        0  main.o(i.main)
    .constdata                               0x00001330   Section       32  system_m051series.o(.constdata)
    .constdata                               0x00001350   Section       48  uart.o(.constdata)
    .constdata                               0x00001380   Section     7020  lcd_1.o(.constdata)
    .data                                    0x20000000   Section       12  system_m051series.o(.data)
    .data                                    0x2000000c   Section        4  retarget.o(.data)
    STACK                                    0x20000010   Section      512  startup_m051series.o(STACK)

    Global Symbols

    Symbol Name                              Value     Ov Type        Size  Object(Section)

    BuildAttributes$$THM_ISAv3M$S$PE$A:L22$X:L11$S22$IEEE1$IW$USESV6$~STKCKD$USESV7$~SHL$OTIME$ROPI$EBA8$MICROLIB$REQ8$PRES8$EABIv2 0x00000000   Number         0  anon$$obj.o ABSOLUTE
    __ARM_use_no_argv                        0x00000000   Number         0  main.o ABSOLUTE
    __Vectors                                0x00000000   Data           4  startup_m051series.o(RESET)
    _printf_a                                0x00000000   Number         0  stubs.o ABSOLUTE
    _printf_c                                0x00000000   Number         0  stubs.o ABSOLUTE
    _printf_charcount                        0x00000000   Number         0  stubs.o ABSOLUTE
    _printf_d                                0x00000000   Number         0  stubs.o ABSOLUTE
    _printf_e                                0x00000000   Number         0  stubs.o ABSOLUTE
    _printf_f                                0x00000000   Number         0  stubs.o ABSOLUTE
    _printf_flags                            0x00000000   Number         0  stubs.o ABSOLUTE
    _printf_fp_dec                           0x00000000   Number         0  stubs.o ABSOLUTE
    _printf_fp_hex                           0x00000000   Number         0  stubs.o ABSOLUTE
    _printf_g                                0x00000000   Number         0  stubs.o ABSOLUTE
    _printf_i                                0x00000000   Number         0  stubs.o ABSOLUTE
    _printf_int_dec                          0x00000000   Number         0  stubs.o ABSOLUTE
    _printf_l                                0x00000000   Number         0  stubs.o ABSOLUTE
    _printf_lc                               0x00000000   Number         0  stubs.o ABSOLUTE
    _printf_ll                               0x00000000   Number         0  stubs.o ABSOLUTE
    _printf_lld                              0x00000000   Number         0  stubs.o ABSOLUTE
    _printf_lli                              0x00000000   Number         0  stubs.o ABSOLUTE
    _printf_llo                              0x00000000   Number         0  stubs.o ABSOLUTE
    _printf_llu                              0x00000000   Number         0  stubs.o ABSOLUTE
    _printf_llx                              0x00000000   Number         0  stubs.o ABSOLUTE
    _printf_longlong_dec                     0x00000000   Number         0  stubs.o ABSOLUTE
    _printf_longlong_hex                     0x00000000   Number         0  stubs.o ABSOLUTE
    _printf_longlong_oct                     0x00000000   Number         0  stubs.o ABSOLUTE
    _printf_ls                               0x00000000   Number         0  stubs.o ABSOLUTE
    _printf_mbtowc                           0x00000000   Number         0  stubs.o ABSOLUTE
    _printf_n                                0x00000000   Number         0  stubs.o ABSOLUTE
    _printf_o                                0x00000000   Number         0  stubs.o ABSOLUTE
    _printf_p                                0x00000000   Number         0  stubs.o ABSOLUTE
    _printf_percent                          0x00000000   Number         0  stubs.o ABSOLUTE
    _printf_pre_padding                      0x00000000   Number         0  stubs.o ABSOLUTE
    _printf_return_value                     0x00000000   Number         0  stubs.o ABSOLUTE
    _printf_s                                0x00000000   Number         0  stubs.o ABSOLUTE
    _printf_sizespec                         0x00000000   Number         0  stubs.o ABSOLUTE
    _printf_str                              0x00000000   Number         0  stubs.o ABSOLUTE
    _printf_truncate_signed                  0x00000000   Number         0  stubs.o ABSOLUTE
    _printf_truncate_unsigned                0x00000000   Number         0  stubs.o ABSOLUTE
    _printf_u                                0x00000000   Number         0  stubs.o ABSOLUTE
    _printf_wc                               0x00000000   Number         0  stubs.o ABSOLUTE
    _printf_wctomb                           0x00000000   Number         0  stubs.o ABSOLUTE
    _printf_widthprec                        0x00000000   Number         0  stubs.o ABSOLUTE
    _printf_x                                0x00000000   Number         0  stubs.o ABSOLUTE
    __cpp_initialize__aeabi_                  - Undefined Weak Reference
    __cxa_finalize                            - Undefined Weak Reference
    __decompress                              - Undefined Weak Reference
    _clock_init                               - Undefined Weak Reference
    _microlib_exit                            - Undefined Weak Reference
    __main                                   0x000000c1   Thumb Code     0  entry.o(.ARM.Collect$$$$00000000)
    _main_stk                                0x000000c1   Thumb Code     0  entry2.o(.ARM.Collect$$$$00000001)
    _main_scatterload                        0x000000c5   Thumb Code     0  entry5.o(.ARM.Collect$$$$00000004)
    __main_after_scatterload                 0x000000c9   Thumb Code     0  entry5.o(.ARM.Collect$$$$00000004)
    _main_clock                              0x000000c9   Thumb Code     0  entry7b.o(.ARM.Collect$$$$00000008)
    _main_cpp_init                           0x000000c9   Thumb Code     0  entry8b.o(.ARM.Collect$$$$0000000A)
    _main_init                               0x000000c9   Thumb Code     0  entry9a.o(.ARM.Collect$$$$0000000B)
    __rt_final_cpp                           0x000000d1   Thumb Code     0  entry10a.o(.ARM.Collect$$$$0000000D)
    __rt_final_exit                          0x000000d1   Thumb Code     0  entry11a.o(.ARM.Collect$$$$0000000F)
    HardFault_Handler                        0x000000d5   Thumb Code    24  retarget.o(.emb_text)
    Reset_Handler                            0x000000f1   Thumb Code    32  startup_m051series.o(.text)
    NMI_Handler                              0x00000111   Thumb Code     2  startup_m051series.o(.text)
    SVC_Handler                              0x00000115   Thumb Code     2  startup_m051series.o(.text)
    PendSV_Handler                           0x00000117   Thumb Code     2  startup_m051series.o(.text)
    SysTick_Handler                          0x00000119   Thumb Code     2  startup_m051series.o(.text)
    ACMP01_IRQHandler                        0x0000011b   Thumb Code     0  startup_m051series.o(.text)
    ACMP23_IRQHandler                        0x0000011b   Thumb Code     0  startup_m051series.o(.text)
    ADC_IRQHandler                           0x0000011b   Thumb Code     0  startup_m051series.o(.text)
    BOD_IRQHandler                           0x0000011b   Thumb Code     0  startup_m051series.o(.text)
    EINT0_IRQHandler                         0x0000011b   Thumb Code     0  startup_m051series.o(.text)
    EINT1_IRQHandler                         0x0000011b   Thumb Code     0  startup_m051series.o(.text)
    GPIOP0P1_IRQHandler                      0x0000011b   Thumb Code     0  startup_m051series.o(.text)
    GPIOP2P3P4_IRQHandler                    0x0000011b   Thumb Code     0  startup_m051series.o(.text)
    I2C0_IRQHandler                          0x0000011b   Thumb Code     0  startup_m051series.o(.text)
    I2C1_IRQHandler                          0x0000011b   Thumb Code     0  startup_m051series.o(.text)
    PWMA_IRQHandler                          0x0000011b   Thumb Code     0  startup_m051series.o(.text)
    PWMB_IRQHandler                          0x0000011b   Thumb Code     0  startup_m051series.o(.text)
    PWRWU_IRQHandler                         0x0000011b   Thumb Code     0  startup_m051series.o(.text)
    RTC_IRQHandler                           0x0000011b   Thumb Code     0  startup_m051series.o(.text)
    SPI0_IRQHandler                          0x0000011b   Thumb Code     0  startup_m051series.o(.text)
    SPI1_IRQHandler                          0x0000011b   Thumb Code     0  startup_m051series.o(.text)
    TMR0_IRQHandler                          0x0000011b   Thumb Code     0  startup_m051series.o(.text)
    TMR1_IRQHandler                          0x0000011b   Thumb Code     0  startup_m051series.o(.text)
    TMR2_IRQHandler                          0x0000011b   Thumb Code     0  startup_m051series.o(.text)
    TMR3_IRQHandler                          0x0000011b   Thumb Code     0  startup_m051series.o(.text)
    UART0_IRQHandler                         0x0000011b   Thumb Code     0  startup_m051series.o(.text)
    UART1_IRQHandler                         0x0000011b   Thumb Code     0  startup_m051series.o(.text)
    WDT_IRQHandler                           0x0000011b   Thumb Code     0  startup_m051series.o(.text)
    __aeabi_uidiv                            0x0000013d   Thumb Code     0  uidiv.o(.text)
    __aeabi_uidivmod                         0x0000013d   Thumb Code    44  uidiv.o(.text)
    __aeabi_uldivmod                         0x00000169   Thumb Code    96  uldiv.o(.text)
    __scatterload                            0x000001c9   Thumb Code    28  init.o(.text)
    __scatterload_rt2                        0x000001c9   Thumb Code     0  init.o(.text)
    __aeabi_llsl                             0x000001ed   Thumb Code    32  llshl.o(.text)
    _ll_shift_l                              0x000001ed   Thumb Code     0  llshl.o(.text)
    __aeabi_llsr                             0x0000020d   Thumb Code    34  llushr.o(.text)
    _ll_ushift_r                             0x0000020d   Thumb Code     0  llushr.o(.text)
    CLK_EnableModuleClock                    0x00000231   Thumb Code    24  clk.o(i.CLK_EnableModuleClock)
    CLK_EnablePLL                            0x0000024d   Thumb Code   354  clk.o(i.CLK_EnablePLL)
    CLK_EnableXtalRC                         0x000003f5   Thumb Code    10  clk.o(i.CLK_EnableXtalRC)
    CLK_SetCoreClock                         0x0000045d   Thumb Code   112  clk.o(i.CLK_SetCoreClock)
    CLK_SetHCLK                              0x000004d5   Thumb Code    74  clk.o(i.CLK_SetHCLK)
    CLK_SetModuleClock                       0x00000525   Thumb Code    74  clk.o(i.CLK_SetModuleClock)
    CLK_WaitClockReady                       0x00000579   Thumb Code    42  clk.o(i.CLK_WaitClockReady)
    Hard_Fault_Handler                       0x000005ad   Thumb Code    74  retarget.o(i.Hard_Fault_Handler)
    LCD_Address_Set                          0x00000671   Thumb Code    86  lcd_init_1.o(i.LCD_Address_Set)
    LCD_Fill                                 0x000006c7   Thumb Code    52  lcd_1.o(i.LCD_Fill)
    LCD_ShowChinese                          0x000006fb   Thumb Code   130  lcd_1.o(i.LCD_ShowChinese)
    LCD_ShowChinese12x12                     0x0000077d   Thumb Code   240  lcd_1.o(i.LCD_ShowChinese12x12)
    LCD_ShowChinese16x16                     0x00000871   Thumb Code   240  lcd_1.o(i.LCD_ShowChinese16x16)
    LCD_ShowChinese24x24                     0x00000965   Thumb Code   240  lcd_1.o(i.LCD_ShowChinese24x24)
    LCD_ShowChinese32x32                     0x00000a59   Thumb Code   240  lcd_1.o(i.LCD_ShowChinese32x32)
    LCD_WR_DATA                              0x00000b4d   Thumb Code    20  lcd_init_1.o(i.LCD_WR_DATA)
    LCD_WR_REG                               0x00000b61   Thumb Code    18  lcd_init_1.o(i.LCD_WR_REG)
    LCD_Writ_Bus                             0x00000b79   Thumb Code    44  lcd_init_1.o(i.LCD_Writ_Bus)
    Lcd_Init                                 0x00000ba9   Thumb Code   560  lcd_init_1.o(i.Lcd_Init)
    SYS_Init                                 0x00000de1   Thumb Code    82  main.o(i.SYS_Init)
    SYS_ResetModule                          0x00000e41   Thumb Code    26  sys.o(i.SYS_ResetModule)
    SystemCoreClockUpdate                    0x00000e5d   Thumb Code   116  system_m051series.o(i.SystemCoreClockUpdate)
    SystemInit                               0x00000eed   Thumb Code     2  system_m051series.o(i.SystemInit)
    UART_Open                                0x00000ef1   Thumb Code   120  uart.o(i.UART_Open)
    __0printf$5                              0x00000f79   Thumb Code    24  printf5.o(i.__0printf$5)
    __1printf$5                              0x00000f79   Thumb Code     0  printf5.o(i.__0printf$5)
    __2printf                                0x00000f79   Thumb Code     0  printf5.o(i.__0printf$5)
    __scatterload_copy                       0x00000f99   Thumb Code    14  handlers.o(i.__scatterload_copy)
    __scatterload_null                       0x00000fa7   Thumb Code     2  handlers.o(i.__scatterload_null)
    __scatterload_zeroinit                   0x00000fa9   Thumb Code    14  handlers.o(i.__scatterload_zeroinit)
    fputc                                    0x00001295   Thumb Code    26  retarget.o(i.fputc)
    main                                     0x000012b5   Thumb Code   104  main.o(i.main)
    gau32ClkSrcTbl                           0x00001330   Data          32  system_m051series.o(.constdata)
    ascii_1206                               0x00001380   Data        1140  lcd_1.o(.constdata)
    ascii_2412                               0x000017f4   Data        4560  lcd_1.o(.constdata)
    tfont12                                  0x000029c4   Data         130  lcd_1.o(.constdata)
    tfont16                                  0x00002a46   Data         170  lcd_1.o(.constdata)
    tfont24                                  0x00002af0   Data         370  lcd_1.o(.constdata)
    tfont32                                  0x00002c62   Data         650  lcd_1.o(.constdata)
    Region$$Table$$Base                      0x00002eec   Number         0  anon$$obj.o(Region$$Table)
    Region$$Table$$Limit                     0x00002f0c   Number         0  anon$$obj.o(Region$$Table)
    SystemCoreClock                          0x20000000   Data           4  system_m051series.o(.data)
    CyclesPerUs                              0x20000004   Data           4  system_m051series.o(.data)
    PllClock                                 0x20000008   Data           4  system_m051series.o(.data)
    __stdout                                 0x2000000c   Data           4  retarget.o(.data)
    __initial_sp                             0x20000210   Data           0  startup_m051series.o(STACK)



==============================================================================

Memory Map of the image

  Image Entry point : 0x000000f1

  Load Region LR_1 (Base: 0x00000000, Size: 0x00002f1c, Max: 0xffffffff, ABSOLUTE)

    Execution Region ER_RO (Exec base: 0x00000000, Load base: 0x00000000, Size: 0x00002f0c, Max: 0xffffffff, ABSOLUTE)

    Exec Addr    Load Addr    Size         Type   Attr      Idx    E Section Name        Object

    0x00000000   0x00000000   0x000000c0   Data   RO          103    RESET               startup_m051series.o
    0x000000c0   0x000000c0   0x00000000   Code   RO          879  * .ARM.Collect$$$$00000000  mc_p.l(entry.o)
    0x000000c0   0x000000c0   0x00000004   Code   RO         1159    .ARM.Collect$$$$00000001  mc_p.l(entry2.o)
    0x000000c4   0x000000c4   0x00000004   Code   RO         1162    .ARM.Collect$$$$00000004  mc_p.l(entry5.o)
    0x000000c8   0x000000c8   0x00000000   Code   RO         1164    .ARM.Collect$$$$00000008  mc_p.l(entry7b.o)
    0x000000c8   0x000000c8   0x00000000   Code   RO         1166    .ARM.Collect$$$$0000000A  mc_p.l(entry8b.o)
    0x000000c8   0x000000c8   0x00000008   Code   RO         1167    .ARM.Collect$$$$0000000B  mc_p.l(entry9a.o)
    0x000000d0   0x000000d0   0x00000000   Code   RO         1169    .ARM.Collect$$$$0000000D  mc_p.l(entry10a.o)
    0x000000d0   0x000000d0   0x00000000   Code   RO         1171    .ARM.Collect$$$$0000000F  mc_p.l(entry11a.o)
    0x000000d0   0x000000d0   0x00000004   Code   RO         1160    .ARM.Collect$$$$00002712  mc_p.l(entry2.o)
    0x000000d4   0x000000d4   0x0000001c   Code   RO          167    .emb_text           retarget.o
    0x000000f0   0x000000f0   0x0000004c   Code   RO          104  * .text               startup_m051series.o
    0x0000013c   0x0000013c   0x0000002c   Code   RO          880    .text               mc_p.l(uidiv.o)
    0x00000168   0x00000168   0x00000060   Code   RO         1173    .text               mc_p.l(uldiv.o)
    0x000001c8   0x000001c8   0x00000024   Code   RO         1188    .text               mc_p.l(init.o)
    0x000001ec   0x000001ec   0x00000020   Code   RO         1190    .text               mc_p.l(llshl.o)
    0x0000020c   0x0000020c   0x00000022   Code   RO         1192    .text               mc_p.l(llushr.o)
    0x0000022e   0x0000022e   0x00000002   PAD
    0x00000230   0x00000230   0x0000001c   Code   RO          411    i.CLK_EnableModuleClock  clk.o
    0x0000024c   0x0000024c   0x000001a8   Code   RO          412    i.CLK_EnablePLL     clk.o
    0x000003f4   0x000003f4   0x00000010   Code   RO          414    i.CLK_EnableXtalRC  clk.o
    0x00000404   0x00000404   0x00000058   Code   RO          298    i.CLK_GetPLLClockFreq  uart.o
    0x0000045c   0x0000045c   0x00000078   Code   RO          421    i.CLK_SetCoreClock  clk.o
    0x000004d4   0x000004d4   0x00000050   Code   RO          422    i.CLK_SetHCLK       clk.o
    0x00000524   0x00000524   0x00000054   Code   RO          423    i.CLK_SetModuleClock  clk.o
    0x00000578   0x00000578   0x00000034   Code   RO          425    i.CLK_WaitClockReady  clk.o
    0x000005ac   0x000005ac   0x000000c4   Code   RO          169    i.Hard_Fault_Handler  retarget.o
    0x00000670   0x00000670   0x00000056   Code   RO          615    i.LCD_Address_Set   lcd_init_1.o
    0x000006c6   0x000006c6   0x00000034   Code   RO          673    i.LCD_Fill          lcd_1.o
    0x000006fa   0x000006fa   0x00000082   Code   RO          675    i.LCD_ShowChinese   lcd_1.o
    0x0000077c   0x0000077c   0x000000f4   Code   RO          676    i.LCD_ShowChinese12x12  lcd_1.o
    0x00000870   0x00000870   0x000000f4   Code   RO          677    i.LCD_ShowChinese16x16  lcd_1.o
    0x00000964   0x00000964   0x000000f4   Code   RO          678    i.LCD_ShowChinese24x24  lcd_1.o
    0x00000a58   0x00000a58   0x000000f4   Code   RO          679    i.LCD_ShowChinese32x32  lcd_1.o
    0x00000b4c   0x00000b4c   0x00000014   Code   RO          616    i.LCD_WR_DATA       lcd_init_1.o
    0x00000b60   0x00000b60   0x00000018   Code   RO          618    i.LCD_WR_REG        lcd_init_1.o
    0x00000b78   0x00000b78   0x00000030   Code   RO          619    i.LCD_Writ_Bus      lcd_init_1.o
    0x00000ba8   0x00000ba8   0x00000238   Code   RO          620    i.Lcd_Init          lcd_init_1.o
    0x00000de0   0x00000de0   0x00000060   Code   RO          110    i.SYS_Init          main.o
    0x00000e40   0x00000e40   0x0000001a   Code   RO          550    i.SYS_ResetModule   sys.o
    0x00000e5a   0x00000e5a   0x00000002   PAD
    0x00000e5c   0x00000e5c   0x00000090   Code   RO            3    i.SystemCoreClockUpdate  system_m051series.o
    0x00000eec   0x00000eec   0x00000002   Code   RO            4    i.SystemInit        system_m051series.o
    0x00000eee   0x00000eee   0x00000002   PAD
    0x00000ef0   0x00000ef0   0x00000088   Code   RO          305    i.UART_Open         uart.o
    0x00000f78   0x00000f78   0x00000020   Code   RO         1015    i.__0printf$5       mc_p.l(printf5.o)
    0x00000f98   0x00000f98   0x0000000e   Code   RO         1202    i.__scatterload_copy  mc_p.l(handlers.o)
    0x00000fa6   0x00000fa6   0x00000002   Code   RO         1203    i.__scatterload_null  mc_p.l(handlers.o)
    0x00000fa8   0x00000fa8   0x0000000e   Code   RO         1204    i.__scatterload_zeroinit  mc_p.l(handlers.o)
    0x00000fb6   0x00000fb6   0x00000002   PAD
    0x00000fb8   0x00000fb8   0x000002dc   Code   RO         1022    i._printf_core      mc_p.l(printf5.o)
    0x00001294   0x00001294   0x00000020   Code   RO          176    i.fputc             retarget.o
    0x000012b4   0x000012b4   0x0000007c   Code   RO          112    i.main              main.o
    0x00001330   0x00001330   0x00000020   Data   RO            5    .constdata          system_m051series.o
    0x00001350   0x00001350   0x00000030   Data   RO          313    .constdata          uart.o
    0x00001380   0x00001380   0x00001b6c   Data   RO          685    .constdata          lcd_1.o
    0x00002eec   0x00002eec   0x00000020   Data   RO         1200    Region$$Table       anon$$obj.o


    Execution Region ER_RW (Exec base: 0x20000000, Load base: 0x00002f0c, Size: 0x00000010, Max: 0xffffffff, ABSOLUTE)

    Exec Addr    Load Addr    Size         Type   Attr      Idx    E Section Name        Object

    0x20000000   0x00002f0c   0x0000000c   Data   RW            6    .data               system_m051series.o
    0x2000000c   0x00002f18   0x00000004   Data   RW          178    .data               retarget.o


    Execution Region ER_ZI (Exec base: 0x20000010, Load base: 0x00002f1c, Size: 0x00000200, Max: 0xffffffff, ABSOLUTE)

    Exec Addr    Load Addr    Size         Type   Attr      Idx    E Section Name        Object

    0x20000010        -       0x00000200   Zero   RW          101    STACK               startup_m051series.o


==============================================================================

Image component sizes


      Code (inc. data)   RO Data    RW Data    ZI Data      Debug   Object Name

       804        114          0          0          0       6479   clk.o
      1158         16       7020          0          0      11621   lcd_1.o
       746         18          0          0          0       6131   lcd_init_1.o
       220         34          0          0          0      10989   main.o
       256        132          0          4          0       3946   retarget.o
        76         32        192          0        512        752   startup_m051series.o
        26          0          0          0          0        538   sys.o
       146         28         32         12          0      64179   system_m051series.o
       224         34         48          0          0       2044   uart.o

    ----------------------------------------------------------------------
      3660        408       7324         16        512     106679   Object Totals
         0          0         32          0          0          0   (incl. Generated)
         4          0          0          0          0          0   (incl. Padding)

    ----------------------------------------------------------------------

      Code (inc. data)   RO Data    RW Data    ZI Data      Debug   Library Member Name

         0          0          0          0          0          0   entry.o
         0          0          0          0          0          0   entry10a.o
         0          0          0          0          0          0   entry11a.o
         8          4          0          0          0          0   entry2.o
         4          0          0          0          0          0   entry5.o
         0          0          0          0          0          0   entry7b.o
         0          0          0          0          0          0   entry8b.o
         8          4          0          0          0          0   entry9a.o
        30          0          0          0          0          0   handlers.o
        36          8          0          0          0         68   init.o
        32          0          0          0          0         68   llshl.o
        34          0          0          0          0         68   llushr.o
       764         52          0          0          0        168   printf5.o
        44          0          0          0          0         72   uidiv.o
        96          0          0          0          0         84   uldiv.o

    ----------------------------------------------------------------------
      1060         68          0          0          0        528   Library Totals
         4          0          0          0          0          0   (incl. Padding)

    ----------------------------------------------------------------------

      Code (inc. data)   RO Data    RW Data    ZI Data      Debug   Library Name

      1056         68          0          0          0        528   mc_p.l

    ----------------------------------------------------------------------
      1060         68          0          0          0        528   Library Totals

    ----------------------------------------------------------------------

==============================================================================


      Code (inc. data)   RO Data    RW Data    ZI Data      Debug   

      4720        476       7324         16        512     106031   Grand Totals
      4720        476       7324         16        512     106031   ELF Image Totals
      4720        476       7324         16          0          0   ROM Totals

==============================================================================

    Total RO  Size (Code + RO Data)                12044 (  11.76kB)
    Total RW  Size (RW Data + ZI Data)               528 (   0.52kB)
    Total ROM Size (Code + RO Data + RW Data)      12060 (  11.78kB)

==============================================================================

