<html>
<body>
<pre>
<h1>礦ision Build Log</h1>
<h2>Tool Versions:</h2>
IDE-Version: Vision V5.26.2.0
Copyright (C) 2018 ARM Ltd and ARM Germany GmbH. All rights reserved.
License Information: huang jinlguen, nuvoton, LIC=----
 
Tool Versions:
Toolchain:       MDK-Lite  Version: 5.26.2.0
Toolchain Path:  C:\Keil_v5\ARM\ARMCC\Bin
C Compiler:      Armcc.exe V5.06 update 6 (build 750)
Assembler:       Armasm.exe V5.06 update 6 (build 750)
Linker/Locator:  ArmLink.exe V5.06 update 6 (build 750)
Library Manager: ArmAr.exe V5.06 update 6 (build 750)
Hex Converter:   FromElf.exe V5.06 update 6 (build 750)
CPU DLL:         SARMCM3.DLL V5.26.2.0
Dialog DLL:      DARMCM1.DLL V1.19.1.0
Target DLL:      NULink\Nu_Link.dll V3.07
Dialog DLL:      TARMCM1.DLL V1.14.0.0
 
<h2>Project:</h2>
C:\Users\CLHUANG10\Desktop\00001\M051BSP-master\M051BSP-master\SampleCode\StdDriver\002\KEIL\GPIO_OutputInput.uvproj
Project File Date:  01/17/2022

<h2>Output:</h2>
*** Using Compiler 'V5.06 update 6 (build 750)', folder: 'C:\Keil_v5\ARM\ARMCC\Bin'
Rebuild target 'GPIO_OutputInput'
creating preprocessor file for system_M051Series.c...
assembling startup_M051Series.s...
creating preprocessor file for main.c...
compiling system_M051Series.c...
creating preprocessor file for retarget.c...
creating preprocessor file for gpio.c...
compiling main.c...
..\main.c(79): warning:  #177-D: variable "i"  was declared but never referenced
  		unsigned char i,j;
..\main.c(79): warning:  #177-D: variable "j"  was declared but never referenced
  		unsigned char i,j;
..\main.c(80): warning:  #177-D: variable "t"  was declared but never referenced
  		float t=0;
..\main.c(81): warning:  #550-D: variable "lastpos"  was set but never used
  	 	u16 lastpos[2];//最后一次的数据
..\main.c: 4 warnings, 0 errors
compiling retarget.c...
creating preprocessor file for uart.c...
compiling gpio.c...
creating preprocessor file for clk.c...
creating preprocessor file for sys.c...
compiling uart.c...
compiling clk.c...
creating preprocessor file for lcd_init.c...
compiling sys.c...
creating preprocessor file for lcd.c...
creating preprocessor file for touch.c...
compiling lcd_init.c...
compiling lcd.c...
compiling touch.c...
linking...
Program Size: Code=4720 RO-data=7324 RW-data=16 ZI-data=512  
After Build - User command #1: fromelf --bin ".\obj\GPIO_OutputInput.axf" --output ".\obj\GPIO_OutputInput.bin"
After Build - User command #2: fromelf --text -c ".\obj\GPIO_OutputInput.axf" --output ".\obj\GPIO_OutputInput.txt"
".\obj\GPIO_OutputInput.axf" - 0 Error(s), 4 Warning(s).
Build Time Elapsed:  00:00:07
</pre>
</body>
</html>
