<html>
<body>
<pre>
<h1>µVision Build Log</h1>
<h2>Tool Versions:</h2>
IDE-Version: £gVision V5.36.0.0
Copyright (C) 2021 ARM Ltd and ARM Germany GmbH. All rights reserved.
License Information: huang jingluen, no, LIC=----
 
Tool Versions:
Toolchain:       MDK-Lite  Version: 5.36.0.0
Toolchain Path:  C:\Keil_v5\ARM\ARMCC\Bin
C Compiler:      Armcc.exe V5.06 update 7 (build 960)
Assembler:       Armasm.exe V5.06 update 7 (build 960)
Linker/Locator:  ArmLink.exe V5.06 update 7 (build 960)
Library Manager: ArmAr.exe V5.06 update 7 (build 960)
Hex Converter:   FromElf.exe V5.06 update 7 (build 960)
CPU DLL:         SARMCM3.DLL V5.36.0.0
Dialog DLL:      DARMCM1.DLL V1.19.4.0
Target DLL:      Nu_Link.dll V3.07
Dialog DLL:      TARMCM1.DLL V1.14.4.0
 
<h2>Project:</h2>
C:\Users\User\Desktop\M051BSP-master\SampleCode\StdDriver\00LCD_ILI9341\KEIL\SPI_LCD_Ili9341.uvproj
Project File Date:  01/14/2022

<h2>Output:</h2>
*** Using Compiler 'V5.06 update 7 (build 960)', folder: 'C:\Keil_v5\ARM\ARMCC\Bin'
Rebuild target 'LCD_ILI9341'
Note: source file '..\..\..\..\Library\Device\Nuvoton\M051Series\Source\system_M051Series.c' - object file renamed from '.\obj\system_M051Series.o' to '.\obj\system_m051series_1.o'.
Note: source file '..\..\..\..\Library\Device\Nuvoton\M051Series\Source\ARM\startup_M051Series.s' - object file renamed from '.\obj\startup_M051Series.o' to '.\obj\startup_m051series_1.o'.
Note: source file '..\sys\sys.c' - object file renamed from '.\obj\sys.o' to '.\obj\sys_1.o'.
creating preprocessor file for system_M051Series.c...
assembling startup_M051Series.s...
creating preprocessor file for main.c...
creating preprocessor file for spi.c...
creating preprocessor file for gpio.c...
creating preprocessor file for clk.c...
creating preprocessor file for retarget.c...
compiling main.c...
compiling gpio.c...
creating preprocessor file for sys.c...
compiling system_M051Series.c...
creating preprocessor file for pwm.c...
compiling retarget.c...
creating preprocessor file for font.c...
compiling spi.c...
compiling clk.c...
compiling font.c...
creating preprocessor file for sys.c...
compiling sys.c...
creating preprocessor file for LCD.c...
compiling sys.c...
compiling pwm.c...
creating preprocessor file for touch.c...
compiling LCD.c...
compiling touch.c...
linking...
.\obj\SPI_LCD_Ili9341.axf: Warning: L6319W: Ignoring --first command. Cannot find section startup_M051Series.o(RESET).
Program Size: Code=2436 RO-data=64 RW-data=16 ZI-data=512  
Finished: 0 information, 1 warning and 0 error messages.
After Build - User command #1: fromelf --bin ".\obj\SPI_LCD_Ili9341.axf" --output ".\obj\SPI_LCD_Ili9341.bin"
After Build - User command #2: fromelf --text -c ".\obj\SPI_LCD_Ili9341.axf" --output ".\obj\SPI_LCD_Ili9341.txt"
".\obj\SPI_LCD_Ili9341.axf" - 0 Error(s), 1 Warning(s).
Build Time Elapsed:  00:00:02
</pre>
</body>
</html>
